// Vitest Snapshot v1, https://vitest.dev/guide/snapshot.html

exports[`🗃️  U01 This is a test suite that tests the update snapshot feature > 📁  U01T02 Normal snapshot 1`] = `40`;
